src/pages/Admin.tsx(1,8): error TS1259: Module '"C:/Users/TERMINAL 00/Desktop/RESERVA LESSA/node_modules/@types/react/index"' can only be default-imported using the 'esModuleInterop' flag
src/pages/Admin.tsx(2,28): error TS2307: Cannot find module '@/utils/cpf-validator' or its corresponding type declarations.
src/pages/Admin.tsx(3,90): error TS2307: Cannot find module '@/lib/booking-service' or its corresponding type declarations.
src/pages/Admin.tsx(51,26): error TS2307: Cannot find module '@/integrations/supabase/client' or its corresponding type declarations.
src/pages/Admin.tsx(52,26): error TS2307: Cannot find module '@/hooks/use-toast' or its corresponding type declarations.
src/pages/Admin.tsx(53,28): error TS2307: Cannot find module '@/components/admin/AdminLogin' or its corresponding type declarations.
src/pages/Admin.tsx(54,23): error TS2307: Cannot find module '@/components/ui/input' or its corresponding type declarations.
src/pages/Admin.tsx(55,23): error TS2307: Cannot find module '@/components/ui/label' or its corresponding type declarations.
src/pages/Admin.tsx(56,24): error TS2307: Cannot find module '@/components/ui/button' or its corresponding type declarations.
src/pages/Admin.tsx(57,35): error TS2307: Cannot find module '@/components/ui/card' or its corresponding type declarations.
src/pages/Admin.tsx(58,23): error TS2307: Cannot find module '@/components/ui/badge' or its corresponding type declarations.
src/pages/Admin.tsx(59,49): error TS2307: Cannot find module '@/lib/booking-types' or its corresponding type declarations.
src/pages/Admin.tsx(60,30): error TS2307: Cannot find module '@/components/admin/BookingTable' or its corresponding type declarations.
src/pages/Admin.tsx(61,49): error TS2307: Cannot find module '@/integrations/supabase/orders' or its corresponding type declarations.
src/pages/Admin.tsx(62,30): error TS2307: Cannot find module '@/components/booking/PaymentModal' or its corresponding type declarations.
src/pages/Admin.tsx(63,42): error TS2307: Cannot find module '@/components/admin/InternalBookingAssistant' or its corresponding type declarations.
src/pages/Admin.tsx(64,49): error TS2307: Cannot find module '@/components/admin/AdminDialogs' or its corresponding type declarations.
src/pages/Admin.tsx(66,81): error TS2307: Cannot find module '@/components/ui/dialog' or its corresponding type declarations.
src/pages/Admin.tsx(67,20): error TS2307: Cannot find module '@/lib/utils' or its corresponding type declarations.
src/pages/Admin.tsx(68,57): error TS2307: Cannot find module '@/components/ui/popover' or its corresponding type declarations.
src/pages/Admin.tsx(69,26): error TS2307: Cannot find module '@/components/ui/calendar' or its corresponding type declarations.
src/pages/Admin.tsx(79,8): error TS2307: Cannot find module '@/components/ui/alert-dialog' or its corresponding type declarations.
src/pages/Admin.tsx(80,79): error TS2307: Cannot find module '@/components/ui/select' or its corresponding type declarations.
src/pages/Admin.tsx(134,25): error TS2528: A module cannot have multiple default exports.
src/pages/Admin.tsx(647,22): error TS17004: Cannot use JSX unless the '--jsx' flag is provided.
src/pages/Admin.tsx(772,7): error TS17004: Cannot use JSX unless the '--jsx' flag is provided.
src/pages/Admin.tsx(773,9): error TS17004: Cannot use JSX unless the '--jsx' flag is provided.
src/pages/Admin.tsx(775,11): error TS17004: Cannot use JSX unless the '--jsx' flag is provided.
src/pages/Admin.tsx(777,14): error TS17004: Cannot use JSX unless the '--jsx' flag is provided.
src/pages/Admin.tsx(778,17): error TS17004: Cannot use JSX unless the '--jsx' flag is provided.
src/pages/Admin.tsx(779,20): error TS17004: Cannot use JSX unless the '--jsx' flag is provided.
src/pages/Admin.tsx(780,23): error TS17004: Cannot use JSX unless the '--jsx' flag is provided.
src/pages/Admin.tsx(783,23): error TS17004: Cannot use JSX unless the '--jsx' flag is provided.
src/pages/Admin.tsx(784,26): error TS17004: Cannot use JSX unless the '--jsx' flag is provided.
src/pages/Admin.tsx(785,26): error TS17004: Cannot use JSX unless the '--jsx' flag is provided.
src/pages/Admin.tsx(788,20): error TS17004: Cannot use JSX unless the '--jsx' flag is provided.
src/pages/Admin.tsx(789,22): error TS17004: Cannot use JSX unless the '--jsx' flag is provided.
src/pages/Admin.tsx(790,22): error TS17004: Cannot use JSX unless the '--jsx' flag is provided.
src/pages/Admin.tsx(793,17): error TS17004: Cannot use JSX unless the '--jsx' flag is provided.
src/pages/Admin.tsx(795,20): error TS17004: Cannot use JSX unless the '--jsx' flag is provided.
src/pages/Admin.tsx(796,23): error TS17004: Cannot use JSX unless the '--jsx' flag is provided.
src/pages/Admin.tsx(797,26): error TS17004: Cannot use JSX unless the '--jsx' flag is provided.
src/pages/Admin.tsx(800,23): error TS17004: Cannot use JSX unless the '--jsx' flag is provided.
src/pages/Admin.tsx(814,27): error TS17004: Cannot use JSX unless the '--jsx' flag is provided.
src/pages/Admin.tsx(815,30): error TS17004: Cannot use JSX unless the '--jsx' flag is provided.
src/pages/Admin.tsx(817,32): error TS17004: Cannot use JSX unless the '--jsx' flag is provided.
src/pages/Admin.tsx(821,32): error TS17004: Cannot use JSX unless the '--jsx' flag is provided.
src/pages/Admin.tsx(830,20): error TS17004: Cannot use JSX unless the '--jsx' flag is provided.
src/pages/Admin.tsx(831,23): error TS17004: Cannot use JSX unless the '--jsx' flag is provided.
src/pages/Admin.tsx(832,26): error TS17004: Cannot use JSX unless the '--jsx' flag is provided.
src/pages/Admin.tsx(835,20): error TS17004: Cannot use JSX unless the '--jsx' flag is provided.
src/pages/Admin.tsx(850,27): error TS17004: Cannot use JSX unless the '--jsx' flag is provided.
src/pages/Admin.tsx(851,30): error TS17004: Cannot use JSX unless the '--jsx' flag is provided.
src/pages/Admin.tsx(852,33): error TS17004: Cannot use JSX unless the '--jsx' flag is provided.
src/pages/Admin.tsx(853,33): error TS17004: Cannot use JSX unless the '--jsx' flag is provided.
src/pages/Admin.tsx(856,30): error TS17004: Cannot use JSX unless the '--jsx' flag is provided.
src/pages/Admin.tsx(858,35): error TS17004: Cannot use JSX unless the '--jsx' flag is provided.
src/pages/Admin.tsx(860,40): error TS17004: Cannot use JSX unless the '--jsx' flag is provided.
src/pages/Admin.tsx(866,35): error TS17004: Cannot use JSX unless the '--jsx' flag is provided.
src/pages/Admin.tsx(875,23): error TS17004: Cannot use JSX unless the '--jsx' flag is provided.
src/pages/Admin.tsx(876,26): error TS17004: Cannot use JSX unless the '--jsx' flag is provided.
src/pages/Admin.tsx(877,29): error TS17004: Cannot use JSX unless the '--jsx' flag is provided.
src/pages/Admin.tsx(878,32): error TS17004: Cannot use JSX unless the '--jsx' flag is provided.
src/pages/Admin.tsx(881,26): error TS17004: Cannot use JSX unless the '--jsx' flag is provided.
src/pages/Admin.tsx(882,29): error TS17004: Cannot use JSX unless the '--jsx' flag is provided.
src/pages/Admin.tsx(884,35): error TS17004: Cannot use JSX unless the '--jsx' flag is provided.
src/pages/Admin.tsx(898,14): error TS17004: Cannot use JSX unless the '--jsx' flag is provided.
src/pages/Admin.tsx(899,17): error TS17004: Cannot use JSX unless the '--jsx' flag is provided.
src/pages/Admin.tsx(907,9): error TS17004: Cannot use JSX unless the '--jsx' flag is provided.
src/pages/Admin.tsx(956,7): error TS17004: Cannot use JSX unless the '--jsx' flag is provided.
src/pages/Admin.tsx(958,9): error TS17004: Cannot use JSX unless the '--jsx' flag is provided.
src/pages/Admin.tsx(959,11): error TS17004: Cannot use JSX unless the '--jsx' flag is provided.
src/pages/Admin.tsx(960,13): error TS17004: Cannot use JSX unless the '--jsx' flag is provided.
src/pages/Admin.tsx(961,15): error TS17004: Cannot use JSX unless the '--jsx' flag is provided.
src/pages/Admin.tsx(962,17): error TS17004: Cannot use JSX unless the '--jsx' flag is provided.
src/pages/Admin.tsx(963,17): error TS17004: Cannot use JSX unless the '--jsx' flag is provided.
src/pages/Admin.tsx(965,15): error TS17004: Cannot use JSX unless the '--jsx' flag is provided.
src/pages/Admin.tsx(967,19): error TS17004: Cannot use JSX unless the '--jsx' flag is provided.
src/pages/Admin.tsx(977,21): error TS17004: Cannot use JSX unless the '--jsx' flag is provided.
src/pages/Admin.tsx(987,11): error TS17004: Cannot use JSX unless the '--jsx' flag is provided.
src/pages/Admin.tsx(989,13): error TS17004: Cannot use JSX unless the '--jsx' flag is provided.
src/pages/Admin.tsx(991,17): error TS17004: Cannot use JSX unless the '--jsx' flag is provided.
src/pages/Admin.tsx(997,21): error TS17004: Cannot use JSX unless the '--jsx' flag is provided.
src/pages/Admin.tsx(998,23): error TS17004: Cannot use JSX unless the '--jsx' flag is provided.
src/pages/Admin.tsx(999,26): error TS17004: Cannot use JSX unless the '--jsx' flag is provided.
src/pages/Admin.tsx(1000,29): error TS17004: Cannot use JSX unless the '--jsx' flag is provided.
src/pages/Admin.tsx(1001,29): error TS17004: Cannot use JSX unless the '--jsx' flag is provided.
src/pages/Admin.tsx(1003,38): error TS17004: Cannot use JSX unless the '--jsx' flag is provided.
src/pages/Admin.tsx(1005,23): error TS17004: Cannot use JSX unless the '--jsx' flag is provided.
src/pages/Admin.tsx(1006,26): error TS17004: Cannot use JSX unless the '--jsx' flag is provided.
src/pages/Admin.tsx(1007,29): error TS17004: Cannot use JSX unless the '--jsx' flag is provided.
src/pages/Admin.tsx(1008,29): error TS17004: Cannot use JSX unless the '--jsx' flag is provided.
src/pages/Admin.tsx(1009,29): error TS17004: Cannot use JSX unless the '--jsx' flag is provided.
src/pages/Admin.tsx(1011,26): error TS17004: Cannot use JSX unless the '--jsx' flag is provided.
src/pages/Admin.tsx(1012,29): error TS17004: Cannot use JSX unless the '--jsx' flag is provided.
src/pages/Admin.tsx(1013,29): error TS17004: Cannot use JSX unless the '--jsx' flag is provided.
src/pages/Admin.tsx(1015,34): error TS17004: Cannot use JSX unless the '--jsx' flag is provided.
src/pages/Admin.tsx(1019,26): error TS17004: Cannot use JSX unless the '--jsx' flag is provided.
src/pages/Admin.tsx(1021,32): error TS17004: Cannot use JSX unless the '--jsx' flag is provided.
src/pages/Admin.tsx(1022,34): error TS17004: Cannot use JSX unless the '--jsx' flag is provided.
src/pages/Admin.tsx(1025,29): error TS17004: Cannot use JSX unless the '--jsx' flag is provided.
src/pages/Admin.tsx(1025,237): error TS17004: Cannot use JSX unless the '--jsx' flag is provided.
src/pages/Admin.tsx(1026,29): error TS17004: Cannot use JSX unless the '--jsx' flag is provided.
src/pages/Admin.tsx(1026,174): error TS17004: Cannot use JSX unless the '--jsx' flag is provided.
src/pages/Admin.tsx(1036,13): error TS17004: Cannot use JSX unless the '--jsx' flag is provided.
src/pages/Admin.tsx(1038,17): error TS17004: Cannot use JSX unless the '--jsx' flag is provided.
src/pages/Admin.tsx(1042,17): error TS17004: Cannot use JSX unless the '--jsx' flag is provided.
src/pages/Admin.tsx(1043,19): error TS17004: Cannot use JSX unless the '--jsx' flag is provided.
src/pages/Admin.tsx(1044,21): error TS17004: Cannot use JSX unless the '--jsx' flag is provided.
src/pages/Admin.tsx(1045,23): error TS17004: Cannot use JSX unless the '--jsx' flag is provided.
src/pages/Admin.tsx(1046,23): error TS17004: Cannot use JSX unless the '--jsx' flag is provided.
src/pages/Admin.tsx(1047,23): error TS17004: Cannot use JSX unless the '--jsx' flag is provided.
src/pages/Admin.tsx(1048,23): error TS17004: Cannot use JSX unless the '--jsx' flag is provided.
src/pages/Admin.tsx(1049,23): error TS17004: Cannot use JSX unless the '--jsx' flag is provided.
src/pages/Admin.tsx(1052,19): error TS17004: Cannot use JSX unless the '--jsx' flag is provided.
src/pages/Admin.tsx(1057,25): error TS17004: Cannot use JSX unless the '--jsx' flag is provided.
src/pages/Admin.tsx(1061,27): error TS17004: Cannot use JSX unless the '--jsx' flag is provided.
src/pages/Admin.tsx(1062,29): error TS17004: Cannot use JSX unless the '--jsx' flag is provided.
src/pages/Admin.tsx(1063,31): error TS17004: Cannot use JSX unless the '--jsx' flag is provided.
src/pages/Admin.tsx(1066,43): error TS17004: Cannot use JSX unless the '--jsx' flag is provided.
src/pages/Admin.tsx(1069,27): error TS17004: Cannot use JSX unless the '--jsx' flag is provided.
src/pages/Admin.tsx(1070,29): error TS17004: Cannot use JSX unless the '--jsx' flag is provided.
src/pages/Admin.tsx(1071,29): error TS17004: Cannot use JSX unless the '--jsx' flag is provided.
src/pages/Admin.tsx(1073,27): error TS17004: Cannot use JSX unless the '--jsx' flag is provided.
src/pages/Admin.tsx(1074,29): error TS17004: Cannot use JSX unless the '--jsx' flag is provided.
src/pages/Admin.tsx(1075,31): error TS17004: Cannot use JSX unless the '--jsx' flag is provided.
src/pages/Admin.tsx(1078,27): error TS17004: Cannot use JSX unless the '--jsx' flag is provided.
src/pages/Admin.tsx(1079,27): error TS17004: Cannot use JSX unless the '--jsx' flag is provided.
src/pages/Admin.tsx(1080,29): error TS17004: Cannot use JSX unless the '--jsx' flag is provided.
src/pages/Admin.tsx(1082,33): error TS17004: Cannot use JSX unless the '--jsx' flag is provided.
src/pages/Admin.tsx(1083,35): error TS17004: Cannot use JSX unless the '--jsx' flag is provided.
src/pages/Admin.tsx(1086,33): error TS17004: Cannot use JSX unless the '--jsx' flag is provided.
src/pages/Admin.tsx(1091,34): error TS17004: Cannot use JSX unless the '--jsx' flag is provided.
src/pages/Admin.tsx(1092,33): error TS17004: Cannot use JSX unless the '--jsx' flag is provided.
src/pages/Admin.tsx(1100,34): error TS17004: Cannot use JSX unless the '--jsx' flag is provided.
src/pages/Admin.tsx(1101,31): error TS17004: Cannot use JSX unless the '--jsx' flag is provided.
src/pages/Admin.tsx(1102,33): error TS17004: Cannot use JSX unless the '--jsx' flag is provided.
src/pages/Admin.tsx(1145,7): error TS17004: Cannot use JSX unless the '--jsx' flag is provided.
src/pages/Admin.tsx(1146,9): error TS17004: Cannot use JSX unless the '--jsx' flag is provided.
src/pages/Admin.tsx(1147,11): error TS17004: Cannot use JSX unless the '--jsx' flag is provided.
src/pages/Admin.tsx(1148,13): error TS17004: Cannot use JSX unless the '--jsx' flag is provided.
src/pages/Admin.tsx(1149,15): error TS17004: Cannot use JSX unless the '--jsx' flag is provided.
src/pages/Admin.tsx(1150,17): error TS17004: Cannot use JSX unless the '--jsx' flag is provided.
src/pages/Admin.tsx(1151,17): error TS17004: Cannot use JSX unless the '--jsx' flag is provided.
src/pages/Admin.tsx(1153,15): error TS17004: Cannot use JSX unless the '--jsx' flag is provided.
src/pages/Admin.tsx(1155,19): error TS17004: Cannot use JSX unless the '--jsx' flag is provided.
src/pages/Admin.tsx(1165,21): error TS17004: Cannot use JSX unless the '--jsx' flag is provided.
src/pages/Admin.tsx(1174,11): error TS17004: Cannot use JSX unless the '--jsx' flag is provided.
src/pages/Admin.tsx(1176,13): error TS17004: Cannot use JSX unless the '--jsx' flag is provided.
src/pages/Admin.tsx(1178,18): error TS17004: Cannot use JSX unless the '--jsx' flag is provided.
src/pages/Admin.tsx(1186,22): error TS17004: Cannot use JSX unless the '--jsx' flag is provided.
src/pages/Admin.tsx(1187,25): error TS17004: Cannot use JSX unless the '--jsx' flag is provided.
src/pages/Admin.tsx(1188,28): error TS17004: Cannot use JSX unless the '--jsx' flag is provided.
src/pages/Admin.tsx(1189,31): error TS17004: Cannot use JSX unless the '--jsx' flag is provided.
src/pages/Admin.tsx(1190,31): error TS17004: Cannot use JSX unless the '--jsx' flag is provided.
src/pages/Admin.tsx(1191,31): error TS17004: Cannot use JSX unless the '--jsx' flag is provided.
src/pages/Admin.tsx(1193,28): error TS17004: Cannot use JSX unless the '--jsx' flag is provided.
src/pages/Admin.tsx(1194,43): error TS17004: Cannot use JSX unless the '--jsx' flag is provided.
src/pages/Admin.tsx(1195,31): error TS17004: Cannot use JSX unless the '--jsx' flag is provided.
src/pages/Admin.tsx(1200,28): error TS17004: Cannot use JSX unless the '--jsx' flag is provided.
src/pages/Admin.tsx(1201,31): error TS17004: Cannot use JSX unless the '--jsx' flag is provided.
src/pages/Admin.tsx(1202,34): error TS17004: Cannot use JSX unless the '--jsx' flag is provided.
src/pages/Admin.tsx(1203,37): error TS17004: Cannot use JSX unless the '--jsx' flag is provided.
src/pages/Admin.tsx(1204,37): error TS17004: Cannot use JSX unless the '--jsx' flag is provided.
src/pages/Admin.tsx(1205,82): error TS17004: Cannot use JSX unless the '--jsx' flag is provided.
src/pages/Admin.tsx(1208,34): error TS17004: Cannot use JSX unless the '--jsx' flag is provided.
src/pages/Admin.tsx(1209,37): error TS17004: Cannot use JSX unless the '--jsx' flag is provided.
src/pages/Admin.tsx(1210,37): error TS17004: Cannot use JSX unless the '--jsx' flag is provided.
src/pages/Admin.tsx(1214,31): error TS17004: Cannot use JSX unless the '--jsx' flag is provided.
src/pages/Admin.tsx(1215,34): error TS17004: Cannot use JSX unless the '--jsx' flag is provided.
src/pages/Admin.tsx(1217,36): error TS17004: Cannot use JSX unless the '--jsx' flag is provided.
src/pages/Admin.tsx(1218,39): error TS17004: Cannot use JSX unless the '--jsx' flag is provided.
src/pages/Admin.tsx(1219,42): error TS17004: Cannot use JSX unless the '--jsx' flag is provided.
src/pages/Admin.tsx(1220,42): error TS17004: Cannot use JSX unless the '--jsx' flag is provided.
src/pages/Admin.tsx(1221,42): error TS17004: Cannot use JSX unless the '--jsx' flag is provided.
src/pages/Admin.tsx(1223,39): error TS17004: Cannot use JSX unless the '--jsx' flag is provided.
src/pages/Admin.tsx(1228,31): error TS17004: Cannot use JSX unless the '--jsx' flag is provided.
src/pages/Admin.tsx(1230,36): error TS17004: Cannot use JSX unless the '--jsx' flag is provided.
src/pages/Admin.tsx(1231,38): error TS17004: Cannot use JSX unless the '--jsx' flag is provided.
src/pages/Admin.tsx(1234,34): error TS17004: Cannot use JSX unless the '--jsx' flag is provided.
src/pages/Admin.tsx(1234,177): error TS17004: Cannot use JSX unless the '--jsx' flag is provided.
src/pages/Admin.tsx(1235,34): error TS17004: Cannot use JSX unless the '--jsx' flag is provided.
src/pages/Admin.tsx(1235,241): error TS17004: Cannot use JSX unless the '--jsx' flag is provided.
src/pages/Admin.tsx(1236,34): error TS17004: Cannot use JSX unless the '--jsx' flag is provided.
src/pages/Admin.tsx(1236,178): error TS17004: Cannot use JSX unless the '--jsx' flag is provided.
src/pages/Admin.tsx(1247,13): error TS17004: Cannot use JSX unless the '--jsx' flag is provided.
src/pages/Admin.tsx(1249,17): error TS17004: Cannot use JSX unless the '--jsx' flag is provided.
src/pages/Admin.tsx(1253,17): error TS17004: Cannot use JSX unless the '--jsx' flag is provided.
src/pages/Admin.tsx(1254,19): error TS17004: Cannot use JSX unless the '--jsx' flag is provided.
src/pages/Admin.tsx(1255,21): error TS17004: Cannot use JSX unless the '--jsx' flag is provided.
src/pages/Admin.tsx(1256,23): error TS17004: Cannot use JSX unless the '--jsx' flag is provided.
src/pages/Admin.tsx(1257,23): error TS17004: Cannot use JSX unless the '--jsx' flag is provided.
src/pages/Admin.tsx(1258,23): error TS17004: Cannot use JSX unless the '--jsx' flag is provided.
src/pages/Admin.tsx(1259,23): error TS17004: Cannot use JSX unless the '--jsx' flag is provided.
src/pages/Admin.tsx(1260,23): error TS17004: Cannot use JSX unless the '--jsx' flag is provided.
src/pages/Admin.tsx(1261,23): error TS17004: Cannot use JSX unless the '--jsx' flag is provided.
src/pages/Admin.tsx(1262,23): error TS17004: Cannot use JSX unless the '--jsx' flag is provided.
src/pages/Admin.tsx(1265,19): error TS17004: Cannot use JSX unless the '--jsx' flag is provided.
src/pages/Admin.tsx(1272,25): error TS17004: Cannot use JSX unless the '--jsx' flag is provided.
src/pages/Admin.tsx(1273,27): error TS17004: Cannot use JSX unless the '--jsx' flag is provided.
src/pages/Admin.tsx(1281,29): error TS17004: Cannot use JSX unless the '--jsx' flag is provided.
src/pages/Admin.tsx(1282,31): error TS17004: Cannot use JSX unless the '--jsx' flag is provided.
src/pages/Admin.tsx(1284,29): error TS17004: Cannot use JSX unless the '--jsx' flag is provided.
src/pages/Admin.tsx(1285,31): error TS17004: Cannot use JSX unless the '--jsx' flag is provided.
src/pages/Admin.tsx(1286,33): error TS17004: Cannot use JSX unless the '--jsx' flag is provided.
src/pages/Admin.tsx(1289,45): error TS17004: Cannot use JSX unless the '--jsx' flag is provided.
src/pages/Admin.tsx(1292,29): error TS17004: Cannot use JSX unless the '--jsx' flag is provided.
src/pages/Admin.tsx(1293,31): error TS17004: Cannot use JSX unless the '--jsx' flag is provided.
src/pages/Admin.tsx(1294,31): error TS17004: Cannot use JSX unless the '--jsx' flag is provided.
src/pages/Admin.tsx(1296,29): error TS17004: Cannot use JSX unless the '--jsx' flag is provided.
src/pages/Admin.tsx(1297,31): error TS17004: Cannot use JSX unless the '--jsx' flag is provided.
src/pages/Admin.tsx(1299,35): error TS17004: Cannot use JSX unless the '--jsx' flag is provided.
src/pages/Admin.tsx(1303,29): error TS17004: Cannot use JSX unless the '--jsx' flag is provided.
src/pages/Admin.tsx(1304,31): error TS17004: Cannot use JSX unless the '--jsx' flag is provided.
src/pages/Admin.tsx(1306,29): error TS17004: Cannot use JSX unless the '--jsx' flag is provided.
src/pages/Admin.tsx(1307,29): error TS17004: Cannot use JSX unless the '--jsx' flag is provided.
src/pages/Admin.tsx(1308,31): error TS17004: Cannot use JSX unless the '--jsx' flag is provided.
src/pages/Admin.tsx(1310,35): error TS17004: Cannot use JSX unless the '--jsx' flag is provided.
src/pages/Admin.tsx(1311,37): error TS17004: Cannot use JSX unless the '--jsx' flag is provided.
src/pages/Admin.tsx(1314,33): error TS17004: Cannot use JSX unless the '--jsx' flag is provided.
src/pages/Admin.tsx(1314,204): error TS17004: Cannot use JSX unless the '--jsx' flag is provided.
src/pages/Admin.tsx(1315,33): error TS17004: Cannot use JSX unless the '--jsx' flag is provided.
src/pages/Admin.tsx(1323,34): error TS17004: Cannot use JSX unless the '--jsx' flag is provided.
src/pages/Admin.tsx(1324,33): error TS17004: Cannot use JSX unless the '--jsx' flag is provided.
src/pages/Admin.tsx(1325,35): error TS17004: Cannot use JSX unless the '--jsx' flag is provided.
src/pages/Admin.tsx(1333,31): error TS17004: Cannot use JSX unless the '--jsx' flag is provided.
src/pages/Admin.tsx(1334,33): error TS17004: Cannot use JSX unless the '--jsx' flag is provided.
src/pages/Admin.tsx(1335,33): error TS17004: Cannot use JSX unless the '--jsx' flag is provided.
src/pages/Admin.tsx(1337,37): error TS17004: Cannot use JSX unless the '--jsx' flag is provided.
src/pages/Admin.tsx(1338,40): error TS17004: Cannot use JSX unless the '--jsx' flag is provided.
src/pages/Admin.tsx(1338,134): error TS17004: Cannot use JSX unless the '--jsx' flag is provided.
src/pages/Admin.tsx(1339,40): error TS17004: Cannot use JSX unless the '--jsx' flag is provided.
src/pages/Admin.tsx(1340,64): error TS17004: Cannot use JSX unless the '--jsx' flag is provided.
src/pages/Admin.tsx(1344,37): error TS17004: Cannot use JSX unless the '--jsx' flag is provided.
src/pages/Admin.tsx(1351,41): error TS17004: Cannot use JSX unless the '--jsx' flag is provided.
src/pages/Admin.tsx(1352,43): error TS17004: Cannot use JSX unless the '--jsx' flag is provided.
src/pages/Admin.tsx(1356,41): error TS17004: Cannot use JSX unless the '--jsx' flag is provided.
src/pages/Admin.tsx(1357,43): error TS17004: Cannot use JSX unless the '--jsx' flag is provided.
src/pages/Admin.tsx(1364,33): error TS17004: Cannot use JSX unless the '--jsx' flag is provided.
src/pages/Admin.tsx(1365,33): error TS17004: Cannot use JSX unless the '--jsx' flag is provided.
src/pages/Admin.tsx(1367,37): error TS17004: Cannot use JSX unless the '--jsx' flag is provided.
src/pages/Admin.tsx(1368,39): error TS17004: Cannot use JSX unless the '--jsx' flag is provided.
src/pages/Admin.tsx(1369,42): error TS17004: Cannot use JSX unless the '--jsx' flag is provided.
src/pages/Admin.tsx(1369,104): error TS17004: Cannot use JSX unless the '--jsx' flag is provided.
src/pages/Admin.tsx(1370,42): error TS17004: Cannot use JSX unless the '--jsx' flag is provided.
src/pages/Admin.tsx(1371,97): error TS17004: Cannot use JSX unless the '--jsx' flag is provided.
src/pages/Admin.tsx(1374,39): error TS17004: Cannot use JSX unless the '--jsx' flag is provided.
src/pages/Admin.tsx(1375,41): error TS17004: Cannot use JSX unless the '--jsx' flag is provided.
src/pages/Admin.tsx(1376,41): error TS17004: Cannot use JSX unless the '--jsx' flag is provided.
src/pages/Admin.tsx(1381,37): error TS17004: Cannot use JSX unless the '--jsx' flag is provided.
src/pages/Admin.tsx(1386,33): error TS17004: Cannot use JSX unless the '--jsx' flag is provided.
src/pages/Admin.tsx(1388,37): error TS17004: Cannot use JSX unless the '--jsx' flag is provided.
src/pages/Admin.tsx(1395,37): error TS17004: Cannot use JSX unless the '--jsx' flag is provided.
src/pages/Admin.tsx(1398,33): error TS17004: Cannot use JSX unless the '--jsx' flag is provided.
src/pages/Admin.tsx(1399,33): error TS17004: Cannot use JSX unless the '--jsx' flag is provided.
src/pages/Admin.tsx(1400,35): error TS17004: Cannot use JSX unless the '--jsx' flag is provided.
src/pages/Admin.tsx(1402,39): error TS17004: Cannot use JSX unless the '--jsx' flag is provided.
src/pages/Admin.tsx(1403,41): error TS17004: Cannot use JSX unless the '--jsx' flag is provided.
src/pages/Admin.tsx(1404,43): error TS17004: Cannot use JSX unless the '--jsx' flag is provided.
src/pages/Admin.tsx(1406,41): error TS17004: Cannot use JSX unless the '--jsx' flag is provided.
src/pages/Admin.tsx(1407,43): error TS17004: Cannot use JSX unless the '--jsx' flag is provided.
src/pages/Admin.tsx(1411,39): error TS17004: Cannot use JSX unless the '--jsx' flag is provided.
src/pages/Admin.tsx(1412,41): error TS17004: Cannot use JSX unless the '--jsx' flag is provided.
src/pages/Admin.tsx(1413,43): error TS17004: Cannot use JSX unless the '--jsx' flag is provided.
src/pages/Admin.tsx(1415,41): error TS17004: Cannot use JSX unless the '--jsx' flag is provided.
src/pages/Admin.tsx(1416,43): error TS17004: Cannot use JSX unless the '--jsx' flag is provided.
src/pages/Admin.tsx(1439,5): error TS17004: Cannot use JSX unless the '--jsx' flag is provided.
src/pages/Admin.tsx(1440,8): error TS17004: Cannot use JSX unless the '--jsx' flag is provided.
src/pages/Admin.tsx(1441,11): error TS17004: Cannot use JSX unless the '--jsx' flag is provided.
src/pages/Admin.tsx(1442,14): error TS17004: Cannot use JSX unless the '--jsx' flag is provided.
src/pages/Admin.tsx(1443,14): error TS17004: Cannot use JSX unless the '--jsx' flag is provided.
src/pages/Admin.tsx(1445,11): error TS17004: Cannot use JSX unless the '--jsx' flag is provided.
src/pages/Admin.tsx(1446,14): error TS17004: Cannot use JSX unless the '--jsx' flag is provided.
src/pages/Admin.tsx(1449,8): error TS17004: Cannot use JSX unless the '--jsx' flag is provided.
src/pages/Admin.tsx(1450,11): error TS17004: Cannot use JSX unless the '--jsx' flag is provided.
src/pages/Admin.tsx(1451,14): error TS17004: Cannot use JSX unless the '--jsx' flag is provided.
src/pages/Admin.tsx(1452,17): error TS17004: Cannot use JSX unless the '--jsx' flag is provided.
src/pages/Admin.tsx(1453,20): error TS17004: Cannot use JSX unless the '--jsx' flag is provided.
src/pages/Admin.tsx(1454,20): error TS17004: Cannot use JSX unless the '--jsx' flag is provided.
src/pages/Admin.tsx(1455,20): error TS17004: Cannot use JSX unless the '--jsx' flag is provided.
src/pages/Admin.tsx(1456,20): error TS17004: Cannot use JSX unless the '--jsx' flag is provided.
src/pages/Admin.tsx(1457,20): error TS17004: Cannot use JSX unless the '--jsx' flag is provided.
src/pages/Admin.tsx(1460,14): error TS17004: Cannot use JSX unless the '--jsx' flag is provided.
src/pages/Admin.tsx(1462,20): error TS17004: Cannot use JSX unless the '--jsx' flag is provided.
src/pages/Admin.tsx(1463,23): error TS17004: Cannot use JSX unless the '--jsx' flag is provided.
src/pages/Admin.tsx(1464,26): error TS17004: Cannot use JSX unless the '--jsx' flag is provided.
src/pages/Admin.tsx(1465,29): error TS17004: Cannot use JSX unless the '--jsx' flag is provided.
src/pages/Admin.tsx(1466,29): error TS17004: Cannot use JSX unless the '--jsx' flag is provided.
src/pages/Admin.tsx(1469,23): error TS17004: Cannot use JSX unless the '--jsx' flag is provided.
src/pages/Admin.tsx(1472,23): error TS17004: Cannot use JSX unless the '--jsx' flag is provided.
src/pages/Admin.tsx(1475,23): error TS17004: Cannot use JSX unless the '--jsx' flag is provided.
src/pages/Admin.tsx(1476,26): error TS17004: Cannot use JSX unless the '--jsx' flag is provided.
src/pages/Admin.tsx(1483,23): error TS17004: Cannot use JSX unless the '--jsx' flag is provided.
src/pages/Admin.tsx(1484,26): error TS17004: Cannot use JSX unless the '--jsx' flag is provided.
src/pages/Admin.tsx(1486,31): error TS17004: Cannot use JSX unless the '--jsx' flag is provided.
src/pages/Admin.tsx(1488,29): error TS17004: Cannot use JSX unless the '--jsx' flag is provided.
src/pages/Admin.tsx(1488,144): error TS17004: Cannot use JSX unless the '--jsx' flag is provided.
src/pages/Admin.tsx(1500,5): error TS17004: Cannot use JSX unless the '--jsx' flag is provided.
src/pages/Admin.tsx(1502,8): error TS17004: Cannot use JSX unless the '--jsx' flag is provided.
src/pages/Admin.tsx(1503,8): error TS17004: Cannot use JSX unless the '--jsx' flag is provided.
src/pages/Admin.tsx(1505,8): error TS17004: Cannot use JSX unless the '--jsx' flag is provided.
src/pages/Admin.tsx(1507,11): error TS17004: Cannot use JSX unless the '--jsx' flag is provided.
src/pages/Admin.tsx(1508,15): error TS17004: Cannot use JSX unless the '--jsx' flag is provided.
src/pages/Admin.tsx(1509,18): error TS17004: Cannot use JSX unless the '--jsx' flag is provided.
src/pages/Admin.tsx(1510,22): error TS17004: Cannot use JSX unless the '--jsx' flag is provided.
src/pages/Admin.tsx(1511,27): error TS17004: Cannot use JSX unless the '--jsx' flag is provided.
src/pages/Admin.tsx(1512,30): error TS17004: Cannot use JSX unless the '--jsx' flag is provided.
src/pages/Admin.tsx(1513,30): error TS17004: Cannot use JSX unless the '--jsx' flag is provided.
src/pages/Admin.tsx(1516,22): error TS17004: Cannot use JSX unless the '--jsx' flag is provided.
src/pages/Admin.tsx(1520,18): error TS17004: Cannot use JSX unless the '--jsx' flag is provided.
src/pages/Admin.tsx(1521,21): error TS17004: Cannot use JSX unless the '--jsx' flag is provided.
src/pages/Admin.tsx(1527,35): error TS17004: Cannot use JSX unless the '--jsx' flag is provided.
src/pages/Admin.tsx(1527,82): error TS17004: Cannot use JSX unless the '--jsx' flag is provided.
src/pages/Admin.tsx(1530,21): error TS17004: Cannot use JSX unless the '--jsx' flag is provided.
src/pages/Admin.tsx(1534,24): error TS17004: Cannot use JSX unless the '--jsx' flag is provided.
src/pages/Admin.tsx(1540,15): error TS17004: Cannot use JSX unless the '--jsx' flag is provided.
src/pages/Admin.tsx(1541,18): error TS17004: Cannot use JSX unless the '--jsx' flag is provided.
src/pages/Admin.tsx(1542,21): error TS17004: Cannot use JSX unless the '--jsx' flag is provided.
src/pages/Admin.tsx(1543,24): error TS17004: Cannot use JSX unless the '--jsx' flag is provided.
src/pages/Admin.tsx(1544,27): error TS17004: Cannot use JSX unless the '--jsx' flag is provided.
src/pages/Admin.tsx(1546,24): error TS17004: Cannot use JSX unless the '--jsx' flag is provided.
src/pages/Admin.tsx(1547,27): error TS17004: Cannot use JSX unless the '--jsx' flag is provided.
src/pages/Admin.tsx(1548,27): error TS17004: Cannot use JSX unless the '--jsx' flag is provided.
src/pages/Admin.tsx(1553,18): error TS17004: Cannot use JSX unless the '--jsx' flag is provided.
src/pages/Admin.tsx(1554,21): error TS17004: Cannot use JSX unless the '--jsx' flag is provided.
src/pages/Admin.tsx(1555,24): error TS17004: Cannot use JSX unless the '--jsx' flag is provided.
src/pages/Admin.tsx(1556,27): error TS17004: Cannot use JSX unless the '--jsx' flag is provided.
src/pages/Admin.tsx(1558,24): error TS17004: Cannot use JSX unless the '--jsx' flag is provided.
src/pages/Admin.tsx(1559,27): error TS17004: Cannot use JSX unless the '--jsx' flag is provided.
src/pages/Admin.tsx(1560,27): error TS17004: Cannot use JSX unless the '--jsx' flag is provided.
src/pages/Admin.tsx(1565,18): error TS17004: Cannot use JSX unless the '--jsx' flag is provided.
src/pages/Admin.tsx(1566,21): error TS17004: Cannot use JSX unless the '--jsx' flag is provided.
src/pages/Admin.tsx(1567,24): error TS17004: Cannot use JSX unless the '--jsx' flag is provided.
src/pages/Admin.tsx(1568,27): error TS17004: Cannot use JSX unless the '--jsx' flag is provided.
src/pages/Admin.tsx(1570,24): error TS17004: Cannot use JSX unless the '--jsx' flag is provided.
src/pages/Admin.tsx(1571,27): error TS17004: Cannot use JSX unless the '--jsx' flag is provided.
src/pages/Admin.tsx(1577,27): error TS17004: Cannot use JSX unless the '--jsx' flag is provided.
src/pages/Admin.tsx(1582,18): error TS17004: Cannot use JSX unless the '--jsx' flag is provided.
src/pages/Admin.tsx(1583,21): error TS17004: Cannot use JSX unless the '--jsx' flag is provided.
src/pages/Admin.tsx(1584,24): error TS17004: Cannot use JSX unless the '--jsx' flag is provided.
src/pages/Admin.tsx(1585,27): error TS17004: Cannot use JSX unless the '--jsx' flag is provided.
src/pages/Admin.tsx(1587,24): error TS17004: Cannot use JSX unless the '--jsx' flag is provided.
src/pages/Admin.tsx(1588,27): error TS17004: Cannot use JSX unless the '--jsx' flag is provided.
src/pages/Admin.tsx(1589,27): error TS17004: Cannot use JSX unless the '--jsx' flag is provided.
src/pages/Admin.tsx(1596,15): error TS17004: Cannot use JSX unless the '--jsx' flag is provided.
src/pages/Admin.tsx(1597,18): error TS17004: Cannot use JSX unless the '--jsx' flag is provided.
src/pages/Admin.tsx(1603,32): error TS17004: Cannot use JSX unless the '--jsx' flag is provided.
src/pages/Admin.tsx(1603,79): error TS17004: Cannot use JSX unless the '--jsx' flag is provided.
src/pages/Admin.tsx(1607,18): error TS17004: Cannot use JSX unless the '--jsx' flag is provided.
src/pages/Admin.tsx(1611,21): error TS17004: Cannot use JSX unless the '--jsx' flag is provided.
src/pages/Admin.tsx(1616,11): error TS17004: Cannot use JSX unless the '--jsx' flag is provided.
src/pages/Admin.tsx(1617,14): error TS17004: Cannot use JSX unless the '--jsx' flag is provided.
src/pages/Admin.tsx(1621,17): error TS17004: Cannot use JSX unless the '--jsx' flag is provided.
src/pages/Admin.tsx(1623,14): error TS17004: Cannot use JSX unless the '--jsx' flag is provided.
src/pages/Admin.tsx(1627,17): error TS17004: Cannot use JSX unless the '--jsx' flag is provided.
src/pages/Admin.tsx(1629,14): error TS17004: Cannot use JSX unless the '--jsx' flag is provided.
src/pages/Admin.tsx(1633,17): error TS17004: Cannot use JSX unless the '--jsx' flag is provided.
src/pages/Admin.tsx(1635,14): error TS17004: Cannot use JSX unless the '--jsx' flag is provided.
src/pages/Admin.tsx(1639,17): error TS17004: Cannot use JSX unless the '--jsx' flag is provided.
src/pages/Admin.tsx(1641,14): error TS17004: Cannot use JSX unless the '--jsx' flag is provided.
src/pages/Admin.tsx(1645,17): error TS17004: Cannot use JSX unless the '--jsx' flag is provided.
src/pages/Admin.tsx(1648,14): error TS17004: Cannot use JSX unless the '--jsx' flag is provided.
src/pages/Admin.tsx(1655,11): error TS17004: Cannot use JSX unless the '--jsx' flag is provided.
src/pages/Admin.tsx(1658,16): error TS17004: Cannot use JSX unless the '--jsx' flag is provided.
src/pages/Admin.tsx(1659,18): error TS17004: Cannot use JSX unless the '--jsx' flag is provided.
src/pages/Admin.tsx(1660,21): error TS17004: Cannot use JSX unless the '--jsx' flag is provided.
src/pages/Admin.tsx(1661,23): error TS17004: Cannot use JSX unless the '--jsx' flag is provided.
src/pages/Admin.tsx(1662,23): error TS17004: Cannot use JSX unless the '--jsx' flag is provided.
src/pages/Admin.tsx(1670,21): error TS17004: Cannot use JSX unless the '--jsx' flag is provided.
src/pages/Admin.tsx(1671,23): error TS17004: Cannot use JSX unless the '--jsx' flag is provided.
src/pages/Admin.tsx(1672,25): error TS17004: Cannot use JSX unless the '--jsx' flag is provided.
src/pages/Admin.tsx(1679,27): error TS17004: Cannot use JSX unless the '--jsx' flag is provided.
src/pages/Admin.tsx(1683,23): error TS17004: Cannot use JSX unless the '--jsx' flag is provided.
src/pages/Admin.tsx(1684,25): error TS17004: Cannot use JSX unless the '--jsx' flag is provided.
src/pages/Admin.tsx(1711,33): error TS17004: Cannot use JSX unless the '--jsx' flag is provided.
src/pages/Admin.tsx(1712,35): error TS17004: Cannot use JSX unless the '--jsx' flag is provided.
src/pages/Admin.tsx(1713,35): error TS17004: Cannot use JSX unless the '--jsx' flag is provided.
src/pages/Admin.tsx(1714,50): error TS17004: Cannot use JSX unless the '--jsx' flag is provided.
src/pages/Admin.tsx(1715,49): error TS17004: Cannot use JSX unless the '--jsx' flag is provided.
src/pages/Admin.tsx(1726,23): error TS17004: Cannot use JSX unless the '--jsx' flag is provided.
src/pages/Admin.tsx(1735,18): error TS17004: Cannot use JSX unless the '--jsx' flag is provided.
src/pages/Admin.tsx(1803,8): error TS17004: Cannot use JSX unless the '--jsx' flag is provided.
src/pages/Admin.tsx(1804,11): error TS17004: Cannot use JSX unless the '--jsx' flag is provided.
src/pages/Admin.tsx(1805,14): error TS17004: Cannot use JSX unless the '--jsx' flag is provided.
src/pages/Admin.tsx(1806,17): error TS17004: Cannot use JSX unless the '--jsx' flag is provided.
src/pages/Admin.tsx(1807,20): error TS17004: Cannot use JSX unless the '--jsx' flag is provided.
src/pages/Admin.tsx(1808,23): error TS17004: Cannot use JSX unless the '--jsx' flag is provided.
src/pages/Admin.tsx(1810,20): error TS17004: Cannot use JSX unless the '--jsx' flag is provided.
src/pages/Admin.tsx(1812,17): error TS17004: Cannot use JSX unless the '--jsx' flag is provided.
src/pages/Admin.tsx(1816,14): error TS17004: Cannot use JSX unless the '--jsx' flag is provided.
src/pages/Admin.tsx(1817,17): error TS17004: Cannot use JSX unless the '--jsx' flag is provided.
src/pages/Admin.tsx(1818,17): error TS17004: Cannot use JSX unless the '--jsx' flag is provided.
src/pages/Admin.tsx(1824,8): error TS17004: Cannot use JSX unless the '--jsx' flag is provided.
src/pages/Admin.tsx(1825,10): error TS17004: Cannot use JSX unless the '--jsx' flag is provided.
src/pages/Admin.tsx(1826,12): error TS17004: Cannot use JSX unless the '--jsx' flag is provided.
src/pages/Admin.tsx(1827,14): error TS17004: Cannot use JSX unless the '--jsx' flag is provided.
src/pages/Admin.tsx(1828,16): error TS17004: Cannot use JSX unless the '--jsx' flag is provided.
src/pages/Admin.tsx(1829,18): error TS17004: Cannot use JSX unless the '--jsx' flag is provided.
src/pages/Admin.tsx(1831,16): error TS17004: Cannot use JSX unless the '--jsx' flag is provided.
src/pages/Admin.tsx(1832,18): error TS17004: Cannot use JSX unless the '--jsx' flag is provided.
src/pages/Admin.tsx(1833,18): error TS17004: Cannot use JSX unless the '--jsx' flag is provided.
src/pages/Admin.tsx(1838,12): error TS17004: Cannot use JSX unless the '--jsx' flag is provided.
src/pages/Admin.tsx(1839,14): error TS17004: Cannot use JSX unless the '--jsx' flag is provided.
src/pages/Admin.tsx(1840,17): error TS17004: Cannot use JSX unless the '--jsx' flag is provided.
src/pages/Admin.tsx(1869,25): error TS17004: Cannot use JSX unless the '--jsx' flag is provided.
src/pages/Admin.tsx(1870,27): error TS17004: Cannot use JSX unless the '--jsx' flag is provided.
src/pages/Admin.tsx(1871,27): error TS17004: Cannot use JSX unless the '--jsx' flag is provided.
src/pages/Admin.tsx(1872,42): error TS17004: Cannot use JSX unless the '--jsx' flag is provided.
src/pages/Admin.tsx(1873,41): error TS17004: Cannot use JSX unless the '--jsx' flag is provided.
src/pages/Admin.tsx(1882,14): error TS17004: Cannot use JSX unless the '--jsx' flag is provided.
src/pages/Admin.tsx(1883,16): error TS17004: Cannot use JSX unless the '--jsx' flag is provided.
src/pages/Admin.tsx(1890,16): error TS17004: Cannot use JSX unless the '--jsx' flag is provided.
src/pages/Admin.tsx(1895,29): error TS17004: Cannot use JSX unless the '--jsx' flag is provided.
src/pages/Admin.tsx(1904,11): error TS17004: Cannot use JSX unless the '--jsx' flag is provided.
src/pages/Admin.tsx(1922,12): error TS17004: Cannot use JSX unless the '--jsx' flag is provided.
src/pages/Admin.tsx(1931,12): error TS17004: Cannot use JSX unless the '--jsx' flag is provided.
src/pages/Admin.tsx(2000,5): error TS17004: Cannot use JSX unless the '--jsx' flag is provided.
src/pages/Admin.tsx(2001,7): error TS17004: Cannot use JSX unless the '--jsx' flag is provided.
src/pages/Admin.tsx(2002,9): error TS17004: Cannot use JSX unless the '--jsx' flag is provided.
src/pages/Admin.tsx(2003,11): error TS17004: Cannot use JSX unless the '--jsx' flag is provided.
src/pages/Admin.tsx(2005,9): error TS17004: Cannot use JSX unless the '--jsx' flag is provided.
src/pages/Admin.tsx(2006,11): error TS17004: Cannot use JSX unless the '--jsx' flag is provided.
src/pages/Admin.tsx(2007,11): error TS17004: Cannot use JSX unless the '--jsx' flag is provided.
src/pages/Admin.tsx(2013,17): error TS17004: Cannot use JSX unless the '--jsx' flag is provided.
src/pages/Admin.tsx(2025,19): error TS17004: Cannot use JSX unless the '--jsx' flag is provided.
src/pages/Admin.tsx(2026,32): error TS17004: Cannot use JSX unless the '--jsx' flag is provided.
src/pages/Admin.tsx(2031,11): error TS17004: Cannot use JSX unless the '--jsx' flag is provided.
src/pages/Admin.tsx(2032,14): error TS17004: Cannot use JSX unless the '--jsx' flag is provided.
src/pages/Admin.tsx(2033,14): error TS17004: Cannot use JSX unless the '--jsx' flag is provided.
src/pages/Admin.tsx(2034,27): error TS17004: Cannot use JSX unless the '--jsx' flag is provided.
src/pages/Admin.tsx(2074,5): error TS17004: Cannot use JSX unless the '--jsx' flag is provided.
src/pages/Admin.tsx(2075,7): error TS17004: Cannot use JSX unless the '--jsx' flag is provided.
src/pages/Admin.tsx(2076,9): error TS17004: Cannot use JSX unless the '--jsx' flag is provided.
src/pages/Admin.tsx(2077,11): error TS17004: Cannot use JSX unless the '--jsx' flag is provided.
src/pages/Admin.tsx(2079,9): error TS17004: Cannot use JSX unless the '--jsx' flag is provided.
src/pages/Admin.tsx(2080,12): error TS17004: Cannot use JSX unless the '--jsx' flag is provided.
src/pages/Admin.tsx(2081,15): error TS17004: Cannot use JSX unless the '--jsx' flag is provided.
src/pages/Admin.tsx(2082,15): error TS17004: Cannot use JSX unless the '--jsx' flag is provided.
src/pages/Admin.tsx(2083,17): error TS17004: Cannot use JSX unless the '--jsx' flag is provided.
src/pages/Admin.tsx(2084,19): error TS17004: Cannot use JSX unless the '--jsx' flag is provided.
src/pages/Admin.tsx(2086,17): error TS17004: Cannot use JSX unless the '--jsx' flag is provided.
src/pages/Admin.tsx(2088,21): error TS17004: Cannot use JSX unless the '--jsx' flag is provided.
src/pages/Admin.tsx(2093,12): error TS17004: Cannot use JSX unless the '--jsx' flag is provided.
src/pages/Admin.tsx(2094,14): error TS17004: Cannot use JSX unless the '--jsx' flag is provided.
src/pages/Admin.tsx(2095,14): error TS17004: Cannot use JSX unless the '--jsx' flag is provided.
src/pages/Admin.tsx(2096,27): error TS17004: Cannot use JSX unless the '--jsx' flag is provided.
src/pages/Admin.tsx(2104,16): error TS2528: A module cannot have multiple default exports.
